
> joycreate@0.32.0-beta.1 ts:main
> npx tsc -p tsconfig.app.json --noEmit

e2e-tests/helpers/test_helper.ts(341,26): error TS2345: Argument of type 'import("C:/Users/Wise AI/joycreate/JoyCreate/node_modules/playwright/node_modules/playwright-core/types/types").ElectronApplication' is not assignable to parameter of type 'import("C:/Users/Wise AI/joycreate/JoyCreate/node_modules/playwright-core/types/types").ElectronApplication'.
  The types returned by 'evaluateHandle(...)' are incompatible between these types.
    Type 'Promise<import("C:/Users/Wise AI/joycreate/JoyCreate/node_modules/playwright/node_modules/playwright-core/types/types").ElementHandle<any>>' is not assignable to type 'Promise<import("C:/Users/Wise AI/joycreate/JoyCreate/node_modules/playwright-core/types/types").ElementHandle<any>>'.
      Type 'import("C:/Users/Wise AI/joycreate/JoyCreate/node_modules/playwright/node_modules/playwright-core/types/types").ElementHandle<any>' is not assignable to type 'import("C:/Users/Wise AI/joycreate/JoyCreate/node_modules/playwright-core/types/types").ElementHandle<any>'.
        The types returned by '$(...)' are incompatible between these types.
          Type 'Promise<ElementHandleForTag<any> | null>' is not assignable to type 'Promise<ElementHandle<SVGElement | HTMLElement> | null>'.
            Type 'ElementHandleForTag<any> | null' is not assignable to type 'ElementHandle<SVGElement | HTMLElement> | null'.
              Type 'ElementHandleForTag<any>' is not assignable to type 'ElementHandle<SVGElement | HTMLElement>'.
                Types of property 'waitForSelector' are incompatible.
                  Type '{ <K extends keyof HTMLElementTagNameMap>(selector: K, options?: ElementHandleWaitForSelectorOptionsNotHidden | undefined): Promise<import("C:/Users/Wise AI/joycreate/JoyCreate/node_modules/playwright/node_modules/playwright-core/types/structs").ElementHandleForTag<...>>; (selector: string, options?: ElementHandleWa...' is not assignable to type '{ <K extends keyof HTMLElementTagNameMap>(selector: K, options?: ElementHandleWaitForSelectorOptionsNotHidden | undefined): Promise<import("C:/Users/Wise AI/joycreate/JoyCreate/node_modules/playwright-core/types/structs").ElementHandleForTag<...>>; (selector: string, options?: ElementHandleWaitForSelectorOptionsNotH...'.
                    Types of parameters 'options' and 'options' are incompatible.
                      Type 'ElementHandleWaitForSelectorOptions' is not assignable to type 'ElementHandleWaitForSelectorOptionsNotHidden'.
                        Type 'ElementHandleWaitForSelectorOptions' is not assignable to type '{ state?: "attached" | "visible" | undefined; }'.
                          Types of property 'state' are incompatible.
                            Type '"detached" | "attached" | "visible" | "hidden" | undefined' is not assignable to type '"attached" | "visible" | undefined'.
                              Type '"detached"' is not assignable to type '"attached" | "visible" | undefined'.
e2e-tests/import.spec.ts(9,24): error TS2345: Argument of type 'import("C:/Users/Wise AI/joycreate/JoyCreate/node_modules/playwright/node_modules/playwright-core/types/types").ElectronApplication' is not assignable to parameter of type 'import("C:/Users/Wise AI/joycreate/JoyCreate/node_modules/playwright-core/types/types").ElectronApplication'.
  The types returned by 'evaluateHandle(...)' are incompatible between these types.
    Type 'Promise<import("C:/Users/Wise AI/joycreate/JoyCreate/node_modules/playwright/node_modules/playwright-core/types/types").ElementHandle<any>>' is not assignable to type 'Promise<import("C:/Users/Wise AI/joycreate/JoyCreate/node_modules/playwright-core/types/types").ElementHandle<any>>'.
      Type 'import("C:/Users/Wise AI/joycreate/JoyCreate/node_modules/playwright/node_modules/playwright-core/types/types").ElementHandle<any>' is not assignable to type 'import("C:/Users/Wise AI/joycreate/JoyCreate/node_modules/playwright-core/types/types").ElementHandle<any>'.
        The types returned by '$(...)' are incompatible between these types.
          Type 'Promise<ElementHandleForTag<any> | null>' is not assignable to type 'Promise<ElementHandle<SVGElement | HTMLElement> | null>'.
            Type 'ElementHandleForTag<any> | null' is not assignable to type 'ElementHandle<SVGElement | HTMLElement> | null'.
              Type 'ElementHandleForTag<any>' is not assignable to type 'ElementHandle<SVGElement | HTMLElement>'.
                Types of property 'waitForSelector' are incompatible.
                  Type '{ <K extends keyof HTMLElementTagNameMap>(selector: K, options?: ElementHandleWaitForSelectorOptionsNotHidden | undefined): Promise<import("C:/Users/Wise AI/joycreate/JoyCreate/node_modules/playwright/node_modules/playwright-core/types/structs").ElementHandleForTag<...>>; (selector: string, options?: ElementHandleWa...' is not assignable to type '{ <K extends keyof HTMLElementTagNameMap>(selector: K, options?: ElementHandleWaitForSelectorOptionsNotHidden | undefined): Promise<import("C:/Users/Wise AI/joycreate/JoyCreate/node_modules/playwright-core/types/structs").ElementHandleForTag<...>>; (selector: string, options?: ElementHandleWaitForSelectorOptionsNotH...'.
                    Types of parameters 'options' and 'options' are incompatible.
                      Type 'ElementHandleWaitForSelectorOptions' is not assignable to type 'ElementHandleWaitForSelectorOptionsNotHidden'.
                        Type 'ElementHandleWaitForSelectorOptions' is not assignable to type '{ state?: "attached" | "visible" | undefined; }'.
                          Types of property 'state' are incompatible.
                            Type '"detached" | "attached" | "visible" | "hidden" | undefined' is not assignable to type '"attached" | "visible" | undefined'.
                              Type '"detached"' is not assignable to type '"attached" | "visible" | undefined'.
e2e-tests/import.spec.ts(27,24): error TS2345: Argument of type 'import("C:/Users/Wise AI/joycreate/JoyCreate/node_modules/playwright/node_modules/playwright-core/types/types").ElectronApplication' is not assignable to parameter of type 'import("C:/Users/Wise AI/joycreate/JoyCreate/node_modules/playwright-core/types/types").ElectronApplication'.
  The types returned by 'evaluateHandle(...)' are incompatible between these types.
    Type 'Promise<import("C:/Users/Wise AI/joycreate/JoyCreate/node_modules/playwright/node_modules/playwright-core/types/types").ElementHandle<any>>' is not assignable to type 'Promise<import("C:/Users/Wise AI/joycreate/JoyCreate/node_modules/playwright-core/types/types").ElementHandle<any>>'.
      Type 'import("C:/Users/Wise AI/joycreate/JoyCreate/node_modules/playwright/node_modules/playwright-core/types/types").ElementHandle<any>' is not assignable to type 'import("C:/Users/Wise AI/joycreate/JoyCreate/node_modules/playwright-core/types/types").ElementHandle<any>'.
        The types returned by '$(...)' are incompatible between these types.
          Type 'Promise<ElementHandleForTag<any> | null>' is not assignable to type 'Promise<ElementHandle<SVGElement | HTMLElement> | null>'.
            Type 'ElementHandleForTag<any> | null' is not assignable to type 'ElementHandle<SVGElement | HTMLElement> | null'.
              Type 'ElementHandleForTag<any>' is not assignable to type 'ElementHandle<SVGElement | HTMLElement>'.
                Types of property 'waitForSelector' are incompatible.
                  Type '{ <K extends keyof HTMLElementTagNameMap>(selector: K, options?: ElementHandleWaitForSelectorOptionsNotHidden | undefined): Promise<import("C:/Users/Wise AI/joycreate/JoyCreate/node_modules/playwright/node_modules/playwright-core/types/structs").ElementHandleForTag<...>>; (selector: string, options?: ElementHandleWa...' is not assignable to type '{ <K extends keyof HTMLElementTagNameMap>(selector: K, options?: ElementHandleWaitForSelectorOptionsNotHidden | undefined): Promise<import("C:/Users/Wise AI/joycreate/JoyCreate/node_modules/playwright-core/types/structs").ElementHandleForTag<...>>; (selector: string, options?: ElementHandleWaitForSelectorOptionsNotH...'.
                    Types of parameters 'options' and 'options' are incompatible.
                      Type 'ElementHandleWaitForSelectorOptions' is not assignable to type 'ElementHandleWaitForSelectorOptionsNotHidden'.
                        Type 'ElementHandleWaitForSelectorOptions' is not assignable to type '{ state?: "attached" | "visible" | undefined; }'.
                          Types of property 'state' are incompatible.
                            Type '"detached" | "attached" | "visible" | "hidden" | undefined' is not assignable to type '"attached" | "visible" | undefined'.
                              Type '"detached"' is not assignable to type '"attached" | "visible" | undefined'.
e2e-tests/import.spec.ts(51,24): error TS2345: Argument of type 'import("C:/Users/Wise AI/joycreate/JoyCreate/node_modules/playwright/node_modules/playwright-core/types/types").ElectronApplication' is not assignable to parameter of type 'import("C:/Users/Wise AI/joycreate/JoyCreate/node_modules/playwright-core/types/types").ElectronApplication'.
  The types returned by 'evaluateHandle(...)' are incompatible between these types.
    Type 'Promise<import("C:/Users/Wise AI/joycreate/JoyCreate/node_modules/playwright/node_modules/playwright-core/types/types").ElementHandle<any>>' is not assignable to type 'Promise<import("C:/Users/Wise AI/joycreate/JoyCreate/node_modules/playwright-core/types/types").ElementHandle<any>>'.
      Type 'import("C:/Users/Wise AI/joycreate/JoyCreate/node_modules/playwright/node_modules/playwright-core/types/types").ElementHandle<any>' is not assignable to type 'import("C:/Users/Wise AI/joycreate/JoyCreate/node_modules/playwright-core/types/types").ElementHandle<any>'.
        The types returned by '$(...)' are incompatible between these types.
          Type 'Promise<ElementHandleForTag<any> | null>' is not assignable to type 'Promise<ElementHandle<SVGElement | HTMLElement> | null>'.
            Type 'ElementHandleForTag<any> | null' is not assignable to type 'ElementHandle<SVGElement | HTMLElement> | null'.
              Type 'ElementHandleForTag<any>' is not assignable to type 'ElementHandle<SVGElement | HTMLElement>'.
                Types of property 'waitForSelector' are incompatible.
                  Type '{ <K extends keyof HTMLElementTagNameMap>(selector: K, options?: ElementHandleWaitForSelectorOptionsNotHidden | undefined): Promise<import("C:/Users/Wise AI/joycreate/JoyCreate/node_modules/playwright/node_modules/playwright-core/types/structs").ElementHandleForTag<...>>; (selector: string, options?: ElementHandleWa...' is not assignable to type '{ <K extends keyof HTMLElementTagNameMap>(selector: K, options?: ElementHandleWaitForSelectorOptionsNotHidden | undefined): Promise<import("C:/Users/Wise AI/joycreate/JoyCreate/node_modules/playwright-core/types/structs").ElementHandleForTag<...>>; (selector: string, options?: ElementHandleWaitForSelectorOptionsNotH...'.
                    Types of parameters 'options' and 'options' are incompatible.
                      Type 'ElementHandleWaitForSelectorOptions' is not assignable to type 'ElementHandleWaitForSelectorOptionsNotHidden'.
                        Type 'ElementHandleWaitForSelectorOptions' is not assignable to type '{ state?: "attached" | "visible" | undefined; }'.
                          Types of property 'state' are incompatible.
                            Type '"detached" | "attached" | "visible" | "hidden" | undefined' is not assignable to type '"attached" | "visible" | undefined'.
                              Type '"detached"' is not assignable to type '"attached" | "visible" | undefined'.
e2e-tests/import.spec.ts(82,26): error TS2345: Argument of type 'import("C:/Users/Wise AI/joycreate/JoyCreate/node_modules/playwright/node_modules/playwright-core/types/types").ElectronApplication' is not assignable to parameter of type 'import("C:/Users/Wise AI/joycreate/JoyCreate/node_modules/playwright-core/types/types").ElectronApplication'.
  The types returned by 'evaluateHandle(...)' are incompatible between these types.
    Type 'Promise<import("C:/Users/Wise AI/joycreate/JoyCreate/node_modules/playwright/node_modules/playwright-core/types/types").ElementHandle<any>>' is not assignable to type 'Promise<import("C:/Users/Wise AI/joycreate/JoyCreate/node_modules/playwright-core/types/types").ElementHandle<any>>'.
      Type 'import("C:/Users/Wise AI/joycreate/JoyCreate/node_modules/playwright/node_modules/playwright-core/types/types").ElementHandle<any>' is not assignable to type 'import("C:/Users/Wise AI/joycreate/JoyCreate/node_modules/playwright-core/types/types").ElementHandle<any>'.
        The types returned by '$(...)' are incompatible between these types.
          Type 'Promise<ElementHandleForTag<any> | null>' is not assignable to type 'Promise<ElementHandle<SVGElement | HTMLElement> | null>'.
            Type 'ElementHandleForTag<any> | null' is not assignable to type 'ElementHandle<SVGElement | HTMLElement> | null'.
              Type 'ElementHandleForTag<any>' is not assignable to type 'ElementHandle<SVGElement | HTMLElement>'.
                Types of property 'waitForSelector' are incompatible.
                  Type '{ <K extends keyof HTMLElementTagNameMap>(selector: K, options?: ElementHandleWaitForSelectorOptionsNotHidden | undefined): Promise<import("C:/Users/Wise AI/joycreate/JoyCreate/node_modules/playwright/node_modules/playwright-core/types/structs").ElementHandleForTag<...>>; (selector: string, options?: ElementHandleWa...' is not assignable to type '{ <K extends keyof HTMLElementTagNameMap>(selector: K, options?: ElementHandleWaitForSelectorOptionsNotHidden | undefined): Promise<import("C:/Users/Wise AI/joycreate/JoyCreate/node_modules/playwright-core/types/structs").ElementHandleForTag<...>>; (selector: string, options?: ElementHandleWaitForSelectorOptionsNotH...'.
                    Types of parameters 'options' and 'options' are incompatible.
                      Type 'ElementHandleWaitForSelectorOptions' is not assignable to type 'ElementHandleWaitForSelectorOptionsNotHidden'.
                        Type 'ElementHandleWaitForSelectorOptions' is not assignable to type '{ state?: "attached" | "visible" | undefined; }'.
                          Types of property 'state' are incompatible.
                            Type '"detached" | "attached" | "visible" | "hidden" | undefined' is not assignable to type '"attached" | "visible" | undefined'.
                              Type '"detached"' is not assignable to type '"attached" | "visible" | undefined'.
e2e-tests/version_integrity.spec.ts(11,24): error TS2345: Argument of type 'import("C:/Users/Wise AI/joycreate/JoyCreate/node_modules/playwright/node_modules/playwright-core/types/types").ElectronApplication' is not assignable to parameter of type 'import("C:/Users/Wise AI/joycreate/JoyCreate/node_modules/playwright-core/types/types").ElectronApplication'.
  The types returned by 'evaluateHandle(...)' are incompatible between these types.
    Type 'Promise<import("C:/Users/Wise AI/joycreate/JoyCreate/node_modules/playwright/node_modules/playwright-core/types/types").ElementHandle<any>>' is not assignable to type 'Promise<import("C:/Users/Wise AI/joycreate/JoyCreate/node_modules/playwright-core/types/types").ElementHandle<any>>'.
      Type 'import("C:/Users/Wise AI/joycreate/JoyCreate/node_modules/playwright/node_modules/playwright-core/types/types").ElementHandle<any>' is not assignable to type 'import("C:/Users/Wise AI/joycreate/JoyCreate/node_modules/playwright-core/types/types").ElementHandle<any>'.
        The types returned by '$(...)' are incompatible between these types.
          Type 'Promise<ElementHandleForTag<any> | null>' is not assignable to type 'Promise<ElementHandle<SVGElement | HTMLElement> | null>'.
            Type 'ElementHandleForTag<any> | null' is not assignable to type 'ElementHandle<SVGElement | HTMLElement> | null'.
              Type 'ElementHandleForTag<any>' is not assignable to type 'ElementHandle<SVGElement | HTMLElement>'.
                Types of property 'waitForSelector' are incompatible.
                  Type '{ <K extends keyof HTMLElementTagNameMap>(selector: K, options?: ElementHandleWaitForSelectorOptionsNotHidden | undefined): Promise<import("C:/Users/Wise AI/joycreate/JoyCreate/node_modules/playwright/node_modules/playwright-core/types/structs").ElementHandleForTag<...>>; (selector: string, options?: ElementHandleWa...' is not assignable to type '{ <K extends keyof HTMLElementTagNameMap>(selector: K, options?: ElementHandleWaitForSelectorOptionsNotHidden | undefined): Promise<import("C:/Users/Wise AI/joycreate/JoyCreate/node_modules/playwright-core/types/structs").ElementHandleForTag<...>>; (selector: string, options?: ElementHandleWaitForSelectorOptionsNotH...'.
                    Types of parameters 'options' and 'options' are incompatible.
                      Type 'ElementHandleWaitForSelectorOptions' is not assignable to type 'ElementHandleWaitForSelectorOptionsNotHidden'.
                        Type 'ElementHandleWaitForSelectorOptions' is not assignable to type '{ state?: "attached" | "visible" | undefined; }'.
                          Types of property 'state' are incompatible.
                            Type '"detached" | "attached" | "visible" | "hidden" | undefined' is not assignable to type '"attached" | "visible" | undefined'.
                              Type '"detached"' is not assignable to type '"attached" | "visible" | undefined'.
src/components/decentralized-chat/EnhancedChatPanel.tsx(974,30): error TS2339: Property 'ratchetSessions' does not exist on type 'PrivacyServiceStatus'.
src/components/decentralized-chat/EnhancedChatPanel.tsx(981,45): error TS2554: Expected 1-2 arguments, but got 0.
src/components/decentralized-chat/FeatureComponents.tsx(887,17): error TS2353: Object literal may only specify known properties, and 'totalVotes' does not exist in type 'Omit<Poll, "id" | "status" | "createdAt" | "totalVotes">'.
src/components/joy-assistant/JoyAssistantPanel.tsx(522,40): error TS2339: Property 'directory' does not exist on type 'ListDirectoryAction'.
src/components/marketplace/CreateAssetWizard.tsx(570,16): error TS7006: Parameter 'prev' implicitly has an 'any' type.
src/components/marketplace/CreateAssetWizard.tsx(720,32): error TS2339: Property 'error' does not exist on type 'EncryptionResult'.
src/components/marketplace/CreateAssetWizard.tsx(728,27): error TS2339: Property 'match' does not exist on type '{ type: "error" | "success" | "info" | "warning"; message: string; }'.
src/components/marketplace/CreateAssetWizard.tsx(1468,12): error TS2345: Argument of type '{ showToast: boolean; onProgress: (msg: any) => void; }' is not assignable to parameter of type 'string'.
src/components/marketplace/CreateAssetWizard.tsx(1470,24): error TS7006: Parameter 'msg' implicitly has an 'any' type.
src/components/marketplace/CreateAssetWizard.tsx(1486,79): error TS2551: Property 'signatureHash' does not exist on type 'AssetManifestSignatureResult'. Did you mean 'signature'?
src/components/marketplace/CreateAssetWizard.tsx(2337,10): error TS2339: Property 'catch' does not exist on type 'PromiseLike<void>'.
src/components/marketplace/CreateAssetWizard.tsx(3020,22): error TS2551: Property 'isNodeAvailable' does not exist on type '{ recordAssetProvenance: (manifest: Record<string, unknown>) => Promise<void>; recordListingManifest: (manifest: Record<string, unknown>) => Promise<void>; ... 25 more ...; refresh: () => void; }'. Did you mean 'isAvailable'?
src/components/marketplace/CreateAssetWizard.tsx(3080,15): error TS2339: Property 'success' does not exist on type 'PipelineResult'.
src/components/marketplace/CreateAssetWizard.tsx(3226,9): error TS2322: Type 'bigint' is not assignable to type 'number'.
src/components/marketplace/CreateAssetWizard.tsx(3244,106): error TS2353: Object literal may only specify known properties, and 'duration' does not exist in type 'ToastOptions'.
src/components/marketplace/CreateAssetWizard.tsx(3247,22): error TS2551: Property 'isNodeAvailable' does not exist on type '{ recordAssetProvenance: (manifest: Record<string, unknown>) => Promise<void>; recordListingManifest: (manifest: Record<string, unknown>) => Promise<void>; ... 25 more ...; refresh: () => void; }'. Did you mean 'isAvailable'?
src/components/marketplace/CreateAssetWizard.tsx(3378,89): error TS2353: Object literal may only specify known properties, and 'duration' does not exist in type 'ToastOptions'.
src/ipc/handlers/agent_builder_handlers.ts(352,6): error TS2769: No overload matches this call.
  Overload 1 of 2, '(value: { agentId: number | SQL<unknown> | Placeholder<string, any>; target: SQL<unknown> | DeploymentTarget | Placeholder<string, any>; ... 6 more ...; deployedAt?: Date | ... 3 more ... | undefined; }): SQLiteInsertBase<...>', gave the following error.
    Type 'DeploymentTarget' is not assignable to type 'SQL<unknown> | DeploymentTarget | Placeholder<string, any>'.
      Type '"ipfs"' is not assignable to type 'SQL<unknown> | DeploymentTarget | Placeholder<string, any>'.
  Overload 2 of 2, '(values: { agentId: number | SQL<unknown> | Placeholder<string, any>; target: SQL<unknown> | DeploymentTarget | Placeholder<string, any>; ... 6 more ...; deployedAt?: Date | ... 3 more ... | undefined; }[]): SQLiteInsertBase<...>', gave the following error.
    Object literal may only specify known properties, and 'agentId' does not exist in type '{ agentId: number | SQL<unknown> | Placeholder<string, any>; target: SQL<unknown> | DeploymentTarget | Placeholder<string, any>; ... 6 more ...; deployedAt?: Date | ... 3 more ... | undefined; }[]'.
src/ipc/handlers/chat_stream_handlers.ts(872,38): error TS2339: Property 'listSecretsForContext' does not exist on type 'SecretsVault'.
src/ipc/handlers/chat_stream_handlers.ts(2376,11): error TS2322: Type 'FlexibleSchema<unknown>' is not assignable to type 'FlexibleSchema<never> | FlexibleSchema<any>'.
  Type 'Schema<unknown>' is not assignable to type 'FlexibleSchema<never> | FlexibleSchema<any>'.
    Type 'Schema<unknown>' is not assignable to type 'Schema<any>'.
      Property '[validatorSymbol]' is missing in type 'Schema<unknown>' but required in type 'Validator<any>'.
src/ipc/handlers/cicd_builder_handlers.ts(89,42): error TS2345: Argument of type 'string' is not assignable to parameter of type 'PipelineId'.
  Type 'string' is not assignable to type '{ [__brand]: "PipelineId"; }'.
src/ipc/handlers/cicd_builder_handlers.ts(115,47): error TS2345: Argument of type 'string' is not assignable to parameter of type 'PipelineId'.
  Type 'string' is not assignable to type '{ [__brand]: "PipelineId"; }'.
src/ipc/handlers/cicd_builder_handlers.ts(122,45): error TS2345: Argument of type 'string' is not assignable to parameter of type 'PipelineId'.
  Type 'string' is not assignable to type '{ [__brand]: "PipelineId"; }'.
src/ipc/handlers/cicd_builder_handlers.ts(153,40): error TS2345: Argument of type 'string' is not assignable to parameter of type 'PipelineId'.
  Type 'string' is not assignable to type '{ [__brand]: "PipelineId"; }'.
src/ipc/handlers/cicd_builder_handlers.ts(167,43): error TS2345: Argument of type 'string' is not assignable to parameter of type 'PipelineId'.
  Type 'string' is not assignable to type '{ [__brand]: "PipelineId"; }'.
src/ipc/handlers/cicd_builder_handlers.ts(176,43): error TS2345: Argument of type 'string' is not assignable to parameter of type 'PipelineId'.
  Type 'string' is not assignable to type '{ [__brand]: "PipelineId"; }'.
src/ipc/handlers/cicd_builder_handlers.ts(185,45): error TS2345: Argument of type 'string' is not assignable to parameter of type 'PipelineId'.
  Type 'string' is not assignable to type '{ [__brand]: "PipelineId"; }'.
src/ipc/handlers/cicd_builder_handlers.ts(205,43): error TS2345: Argument of type 'string' is not assignable to parameter of type 'PipelineId'.
  Type 'string' is not assignable to type '{ [__brand]: "PipelineId"; }'.
src/ipc/handlers/cicd_builder_handlers.ts(220,41): error TS2345: Argument of type 'string | undefined' is not assignable to parameter of type 'PipelineId | undefined'.
  Type 'string' is not assignable to type 'PipelineId'.
    Type 'string' is not assignable to type '{ [__brand]: "PipelineId"; }'.
src/ipc/handlers/data_vault_handlers.ts(798,27): error TS2769: No overload matches this call.
  Overload 1 of 3, '(left: SQLiteColumn<{ name: "status"; tableName: "vault_assets"; dataType: "string"; columnType: "SQLiteText"; data: "error" | "ingested" | "processing" | "ready" | "packaged" | "published" | "archived"; ... 9 more ...; generated: undefined; }, {}, { ...; }>, right: "error" | ... 6 more ... | "archived"): SQL<...>', gave the following error.
    Argument of type 'string' is not assignable to parameter of type '"error" | SQLWrapper | "ingested" | "processing" | "ready" | "packaged" | "published" | "archived"'.
  Overload 2 of 3, '(left: Aliased<string>, right: string | SQLWrapper): SQL<unknown>', gave the following error.
    Argument of type 'SQLiteColumn<{ name: "status"; tableName: "vault_assets"; dataType: "string"; columnType: "SQLiteText"; data: "error" | "ingested" | "processing" | "ready" | "packaged" | "published" | "archived"; ... 9 more ...; generated: undefined; }, {}, { ...; }>' is not assignable to parameter of type 'Aliased<string>'.
      Type 'SQLiteColumn<{ name: "status"; tableName: "vault_assets"; dataType: "string"; columnType: "SQLiteText"; data: "error" | "ingested" | "processing" | "ready" | "packaged" | "published" | "archived"; ... 9 more ...; generated: undefined; }, {}, { ...; }>' is missing the following properties from type 'Aliased<string>': sql, fieldAlias
  Overload 3 of 3, '(left: never, right: unknown): SQL<unknown>', gave the following error.
    Argument of type 'SQLiteColumn<{ name: "status"; tableName: "vault_assets"; dataType: "string"; columnType: "SQLiteText"; data: "error" | "ingested" | "processing" | "ready" | "packaged" | "published" | "archived"; ... 9 more ...; generated: undefined; }, {}, { ...; }>' is not assignable to parameter of type 'never'.
src/ipc/handlers/data_vault_handlers.ts(801,27): error TS2769: No overload matches this call.
  Overload 1 of 3, '(left: SQLiteColumn<{ name: "modality"; tableName: "vault_assets"; dataType: "string"; columnType: "SQLiteText"; data: "binary" | "text" | "image" | "audio" | "video" | "document" | "structured"; driverParam: string; ... 8 more ...; generated: undefined; }, {}, { ...; }>, right: "binary" | ... 6 more ... | "structured"): SQL<...>', gave the following error.
    Argument of type 'string' is not assignable to parameter of type '"binary" | "text" | SQLWrapper | "image" | "audio" | "video" | "document" | "structured"'.
  Overload 2 of 3, '(left: Aliased<string>, right: string | SQLWrapper): SQL<unknown>', gave the following error.
    Argument of type 'SQLiteColumn<{ name: "modality"; tableName: "vault_assets"; dataType: "string"; columnType: "SQLiteText"; data: "binary" | "text" | "image" | "audio" | "video" | "document" | "structured"; driverParam: string; ... 8 more ...; generated: undefined; }, {}, { ...; }>' is not assignable to parameter of type 'Aliased<string>'.
      Type 'SQLiteColumn<{ name: "modality"; tableName: "vault_assets"; dataType: "string"; columnType: "SQLiteText"; data: "binary" | "text" | "image" | "audio" | "video" | "document" | "structured"; driverParam: string; ... 8 more ...; generated: undefined; }, {}, { ...; }>' is missing the following properties from type 'Aliased<string>': sql, fieldAlias
  Overload 3 of 3, '(left: never, right: unknown): SQL<unknown>', gave the following error.
    Argument of type 'SQLiteColumn<{ name: "modality"; tableName: "vault_assets"; dataType: "string"; columnType: "SQLiteText"; data: "binary" | "text" | "image" | "audio" | "video" | "document" | "structured"; driverParam: string; ... 8 more ...; generated: undefined; }, {}, { ...; }>' is not assignable to parameter of type 'never'.
src/ipc/handlers/email_handlers.ts(432,58): error TS2353: Object literal may only specify known properties, and 'from' does not exist in type 'EmailDraft'.
src/ipc/handlers/github_handlers.ts(7,8): error TS2300: Duplicate identifier 'path'.
src/ipc/handlers/github_handlers.ts(16,8): error TS2300: Duplicate identifier 'path'.
src/ipc/handlers/image_studio_handlers.ts(800,7): error TS2353: Object literal may only specify known properties, and 'maxTokens' does not exist in type 'CallSettings & { system?: string | undefined; } & { prompt: string | ModelMessage[]; messages?: undefined; } & { model: LanguageModel; tools?: ToolSet | undefined; ... 13 more ...; _internal?: { ...; } | undefined; }'.
src/ipc/handlers/image_studio_handlers.ts(803,187): error TS2339: Property 'promptTokens' does not exist on type 'LanguageModelV2Usage'.
src/ipc/handlers/image_studio_handlers.ts(803,234): error TS2339: Property 'completionTokens' does not exist on type 'LanguageModelV2Usage'.
src/ipc/handlers/libreoffice_handlers.ts(443,59): error TS2352: Conversion of type 'GenerateTextResult<ToolSet, never>' to type 'Record<string, unknown>' may be a mistake because neither type sufficiently overlaps with the other. If this was intentional, convert the expression to 'unknown' first.
  Index signature for type 'string' is missing in type 'GenerateTextResult<ToolSet, never>'.
src/ipc/handlers/libreoffice_handlers.ts(444,67): error TS2352: Conversion of type 'GenerateTextResult<ToolSet, never>' to type 'Record<string, unknown>' may be a mistake because neither type sufficiently overlaps with the other. If this was intentional, convert the expression to 'unknown' first.
  Index signature for type 'string' is missing in type 'GenerateTextResult<ToolSet, never>'.
src/ipc/handlers/nlp_pipeline_handlers.ts(305,22): error TS2322: Type '{ nlp_tags: DatasetTag[]; nlp_annotations_count: number; nlp_entities: { text: string; type: any; }[]; nlp_sentiment: { sentiment: any; score: any; emotion: any; }[]; nlp_topics: { label: string; confidence: any; }[]; nlp_keywords: string[]; nlp_processed_at: string; }' is not assignable to type 'SQL<unknown> | SQLiteColumn<ColumnBaseConfig<ColumnDataType, string>, {}, {}> | ItemLabels | null | undefined'.
src/ipc/handlers/nlp_pipeline_handlers.ts(331,37): error TS2339: Property 'metadata' does not exist on type '{ id: string; name: string; description: string | null; datasetType: "custom" | "rag" | "training" | "evaluation" | "fine_tuning" | "mixed"; supportedModalities: string[] | null; itemCount: number; ... 9 more ...; updatedAt: Date; }'.
src/ipc/handlers/nlp_pipeline_handlers.ts(335,11): error TS2353: Object literal may only specify known properties, and 'metadata' does not exist in type '{ id?: string | SQL<unknown> | SQLiteColumn<ColumnBaseConfig<ColumnDataType, string>, {}, {}> | undefined; name?: string | SQL<...> | SQLiteColumn<...> | undefined; ... 13 more ...; schemaJson?: SQL<...> | ... 3 more ... | undefined; }'.
src/ipc/handlers/nlp_pipeline_handlers.ts(456,31): error TS2339: Property 'metadata' does not exist on type '{ id: string; name: string; description: string | null; datasetType: "custom" | "rag" | "training" | "evaluation" | "fine_tuning" | "mixed"; supportedModalities: string[] | null; itemCount: number; ... 9 more ...; updatedAt: Date; }'.
src/ipc/handlers/nlp_pipeline_handlers.ts(460,13): error TS2353: Object literal may only specify known properties, and 'metadata' does not exist in type '{ id?: string | SQL<unknown> | SQLiteColumn<ColumnBaseConfig<ColumnDataType, string>, {}, {}> | undefined; name?: string | SQL<...> | SQLiteColumn<...> | undefined; ... 13 more ...; schemaJson?: SQL<...> | ... 3 more ... | undefined; }'.
src/ipc/handlers/nlp_pipeline_handlers.ts(506,29): error TS2339: Property 'metadata' does not exist on type '{ id: string; name: string; description: string | null; datasetType: "custom" | "rag" | "training" | "evaluation" | "fine_tuning" | "mixed"; supportedModalities: string[] | null; itemCount: number; ... 9 more ...; updatedAt: Date; }'.
src/ipc/handlers/nlp_pipeline_handlers.ts(539,29): error TS2339: Property 'language' does not exist on type '{ id: string; name: string; description: string | null; datasetType: "custom" | "rag" | "training" | "evaluation" | "fine_tuning" | "mixed"; supportedModalities: string[] | null; itemCount: number; ... 9 more ...; updatedAt: Date; }'.
src/ipc/handlers/nlp_pipeline_handlers.ts(659,29): error TS2339: Property 'metadata' does not exist on type '{ id: string; name: string; description: string | null; datasetType: "custom" | "rag" | "training" | "evaluation" | "fine_tuning" | "mixed"; supportedModalities: string[] | null; itemCount: number; ... 9 more ...; updatedAt: Date; }'.
src/ipc/handlers/onchain_asset_bridge_handlers.ts(385,13): error TS2322: Type 'string | null | undefined' is not assignable to type 'string | undefined'.
  Type 'null' is not assignable to type 'string | undefined'.
src/ipc/handlers/openclaw_handlers.ts(99,44): error TS2769: No overload matches this call.
  The last overload gave the following error.
    Type 'never[]' has no properties in common with type 'ExecFileOptions'.
src/ipc/handlers/video_studio_handlers.ts(849,180): error TS2339: Property 'promptTokens' does not exist on type 'LanguageModelV2Usage'.
src/ipc/handlers/video_studio_handlers.ts(849,220): error TS2339: Property 'completionTokens' does not exist on type 'LanguageModelV2Usage'.
src/ipc/ipc_client.ts(2255,5): error TS2322: Type 'IpcRenderer' is not assignable to type '() => void'.
  Type 'IpcRenderer' provides no match for the signature '(): void'.
src/ipc/openclaw_client.ts(49,45): error TS2345: Argument of type '(data: OpenClawEvent) => void' is not assignable to parameter of type '(event: IpcRendererEvent, ...args: any[]) => void'.
  Types of parameters 'data' and 'event' are incompatible.
    Type 'IpcRendererEvent' is missing the following properties from type 'OpenClawEvent': type, timestamp, data
src/ipc/openclaw_client.ts(54,57): error TS2345: Argument of type '(data: { requestId: string; chunk: unknown; }) => void' is not assignable to parameter of type '(event: IpcRendererEvent, ...args: any[]) => void'.
  Types of parameters 'data' and 'event' are incompatible.
    Type 'IpcRendererEvent' is missing the following properties from type '{ requestId: string; chunk: unknown; }': requestId, chunk
src/ipc/utils/token_utils.ts(177,9): error TS2322: Type '{ content: string; role: "tool"; providerOptions?: ProviderOptions; }' is not assignable to type 'ModelMessage'.
  Types of property 'content' are incompatible.
    Type 'string' is not assignable to type 'ToolContent'.
src/ipc/utils/token_utils.ts(186,9): error TS2322: Type '{ content: string; role: "tool"; providerOptions?: ProviderOptions; }' is not assignable to type 'ModelMessage'.
  Types of property 'content' are incompatible.
    Type 'string' is not assignable to type 'ToolContent'.
src/lib/a2a_protocol_service.ts(368,10): error TS2339: Property 'updatedAt' does not exist on type 'A2ATask'.
src/lib/calendar/agent_activity_provider.ts(99,7): error TS2769: No overload matches this call.
  Overload 1 of 3, '(column: Aliased<string>, values: SQLWrapper | (string | Placeholder<string, any>)[]): SQL<unknown>', gave the following error.
    Argument of type 'SQLiteColumn<{ name: "event_type"; tableName: "openclaw_activity_log"; dataType: "string"; columnType: "SQLiteText"; data: "system" | "message_received" | "message_sent" | "agent_started" | "agent_completed" | ... 7 more ... | "chat_response"; ... 9 more ...; generated: undefined; }, {}, { ...; }>' is not assignable to parameter of type 'Aliased<string>'.
      Type 'SQLiteColumn<{ name: "event_type"; tableName: "openclaw_activity_log"; dataType: "string"; columnType: "SQLiteText"; data: "system" | "message_received" | "message_sent" | "agent_started" | "agent_completed" | ... 7 more ... | "chat_response"; ... 9 more ...; generated: undefined; }, {}, { ...; }>' is missing the following properties from type 'Aliased<string>': sql, fieldAlias
  Overload 2 of 3, '(column: SQLiteColumn<{ name: "event_type"; tableName: "openclaw_activity_log"; dataType: "string"; columnType: "SQLiteText"; data: "system" | "message_received" | "message_sent" | "agent_started" | ... 8 more ... | "chat_response"; ... 9 more ...; generated: undefined; }, {}, { ...; }>, values: SQLWrapper | readonly ("system" | ... 12 more ... | Placeholder<...>)[]): SQL<...>', gave the following error.
    Argument of type 'string[]' is not assignable to parameter of type 'SQLWrapper | readonly ("system" | "message_received" | "message_sent" | "agent_started" | "agent_completed" | "agent_failed" | "provider_switched" | "workflow_triggered" | ... 5 more ... | Placeholder<...>)[]'.
      Type 'string[]' is not assignable to type 'readonly ("system" | "message_received" | "message_sent" | "agent_started" | "agent_completed" | "agent_failed" | "provider_switched" | "workflow_triggered" | "tool_invoked" | "gateway_connected" | "gateway_disconnected" | "chat_request" | "chat_response" | Placeholder<...>)[]'.
        Type 'string' is not assignable to type '"system" | "message_received" | "message_sent" | "agent_started" | "agent_completed" | "agent_failed" | "provider_switched" | "workflow_triggered" | "tool_invoked" | "gateway_connected" | "gateway_disconnected" | "chat_request" | "chat_response" | Placeholder<...>'.
  Overload 3 of 3, '(column: never, values: SQLWrapper | readonly unknown[]): SQL<unknown>', gave the following error.
    Argument of type 'SQLiteColumn<{ name: "event_type"; tableName: "openclaw_activity_log"; dataType: "string"; columnType: "SQLiteText"; data: "system" | "message_received" | "message_sent" | "agent_started" | "agent_completed" | ... 7 more ... | "chat_response"; ... 9 more ...; generated: undefined; }, {}, { ...; }>' is not assignable to parameter of type 'never'.
src/lib/calendar/caldav_provider.ts(31,5): error TS2739: Type '{ davRequest: (params0: { url: string; init: DAVRequest; convertIncoming?: boolean | undefined; parseOutgoing?: boolean | undefined; fetch?: any; }) => Promise<DAVResponse[]>; ... 27 more ...; deleteVCard: (params: { ...; }) => Promise<...>; }' is missing the following properties from type 'DAVClient': serverUrl, credentials, authMethod, accountType, login
src/lib/calendar/caldav_provider.ts(43,31): error TS2531: Object is possibly 'null'.
src/lib/calendar/caldav_provider.ts(60,5): error TS2322: Type '{ id: string; name: string | Record<string, unknown>; description: string | undefined; readOnly: false; }[]' is not assignable to type 'CalendarInfo[]'.
  Type '{ id: string; name: string | Record<string, unknown>; description: string | undefined; readOnly: false; }' is not assignable to type 'CalendarInfo'.
    Types of property 'name' are incompatible.
      Type 'string | Record<string, unknown>' is not assignable to type 'string'.
        Type 'Record<string, unknown>' is not assignable to type 'string'.
src/lib/calendar/caldav_provider.ts(160,11): error TS2322: Type '(ParameterValue<string, Record<string, string>> | undefined) & ParameterValue<string, Record<string, string>>' is not assignable to type 'string'.
  Type '{ val: string; params: Record<string, string>; }' is not assignable to type 'string'.
src/lib/calendar/caldav_provider.ts(161,11): error TS2322: Type 'ParameterValue<string, Record<string, string>> | undefined' is not assignable to type 'string | undefined'.
  Type '{ val: string; params: Record<string, string>; }' is not assignable to type 'string'.
src/lib/calendar/caldav_provider.ts(165,11): error TS2322: Type 'ParameterValue<string, Record<string, string>> | undefined' is not assignable to type 'string | undefined'.
  Type '{ val: string; params: Record<string, string>; }' is not assignable to type 'string'.
src/lib/calendar/ical_provider.ts(91,13): error TS2322: Type '(ParameterValue<string, Record<string, string>> | undefined) & ParameterValue<string, Record<string, string>>' is not assignable to type 'string'.
  Type '{ val: string; params: Record<string, string>; }' is not assignable to type 'string'.
src/lib/calendar/ical_provider.ts(92,13): error TS2322: Type 'ParameterValue<string, Record<string, string>> | undefined' is not assignable to type 'string | undefined'.
  Type '{ val: string; params: Record<string, string>; }' is not assignable to type 'string'.
src/lib/calendar/ical_provider.ts(96,13): error TS2322: Type 'ParameterValue<string, Record<string, string>> | undefined' is not assignable to type 'string | undefined'.
  Type '{ val: string; params: Record<string, string>; }' is not assignable to type 'string'.
src/lib/calendar/ical_provider.ts(121,5): error TS2322: Type 'void' is not assignable to type 'CalendarResponse'.
src/lib/calendar/ical_provider.ts(132,22): error TS2339: Property 'length' does not exist on type 'never'.
src/lib/calendar/ical_provider.ts(137,7): error TS2322: Type '(ParameterValue<string, Record<string, string>> | undefined) & ParameterValue<string, Record<string, string>>' is not assignable to type 'string'.
  Type '{ val: string; params: Record<string, string>; }' is not assignable to type 'string'.
src/lib/calendar/ical_provider.ts(138,7): error TS2322: Type 'ParameterValue<string, Record<string, string>> | undefined' is not assignable to type 'string | undefined'.
  Type '{ val: string; params: Record<string, string>; }' is not assignable to type 'string'.
src/lib/calendar/ical_provider.ts(142,7): error TS2322: Type 'ParameterValue<string, Record<string, string>> | undefined' is not assignable to type 'string | undefined'.
  Type '{ val: string; params: Record<string, string>; }' is not assignable to type 'string'.
src/lib/dataset_training_service.ts(381,9): error TS2353: Object literal may only specify known properties, and 'gradientCheckpointing' does not exist in type 'Partial<TrainingConfig>'.
src/lib/dataset_training_service.ts(584,17): error TS2367: This comparison appears to be unintentional because the types '"lora" | "qlora" | "full" | null' and '"openai"' have no overlap.
src/lib/dataset_training_service.ts(586,22): error TS2339: Property 'localPath' does not exist on type '{ id: string; name: string; description: string | null; version: string; family: string; author: string; modelType: "base" | "fine_tuned" | "merged" | "quantized"; baseModelId: string | null; ... 33 more ...; updatedAt: Date; }'.
src/lib/email/email_ai_service.ts(165,66): error TS2339: Property 'promptTokens' does not exist on type 'LanguageModelV2Usage'.
src/lib/email/email_ai_service.ts(165,106): error TS2339: Property 'completionTokens' does not exist on type 'LanguageModelV2Usage'.
src/lib/email/email_ai_service.ts(197,66): error TS2339: Property 'promptTokens' does not exist on type 'LanguageModelV2Usage'.
src/lib/email/email_ai_service.ts(197,106): error TS2339: Property 'completionTokens' does not exist on type 'LanguageModelV2Usage'.
src/lib/email/email_ai_service.ts(250,66): error TS2339: Property 'promptTokens' does not exist on type 'LanguageModelV2Usage'.
src/lib/email/email_ai_service.ts(250,106): error TS2339: Property 'completionTokens' does not exist on type 'LanguageModelV2Usage'.
src/lib/email/email_ai_service.ts(307,66): error TS2339: Property 'promptTokens' does not exist on type 'LanguageModelV2Usage'.
src/lib/email/email_ai_service.ts(307,106): error TS2339: Property 'completionTokens' does not exist on type 'LanguageModelV2Usage'.
src/lib/email/email_ai_service.ts(338,66): error TS2339: Property 'promptTokens' does not exist on type 'LanguageModelV2Usage'.
src/lib/email/email_ai_service.ts(338,106): error TS2339: Property 'completionTokens' does not exist on type 'LanguageModelV2Usage'.
src/lib/email/email_ai_service.ts(398,66): error TS2339: Property 'promptTokens' does not exist on type 'LanguageModelV2Usage'.
src/lib/email/email_ai_service.ts(398,106): error TS2339: Property 'completionTokens' does not exist on type 'LanguageModelV2Usage'.
src/lib/email/email_ai_service.ts(437,66): error TS2339: Property 'promptTokens' does not exist on type 'LanguageModelV2Usage'.
src/lib/email/email_ai_service.ts(437,106): error TS2339: Property 'completionTokens' does not exist on type 'LanguageModelV2Usage'.
src/lib/embedding_pipeline.ts(246,60): error TS2339: Property 'listModels' does not exist on type 'OpenClawOllamaBridge'.
src/lib/embedding_pipeline.ts(457,11): error TS2353: Object literal may only specify known properties, and 'chunks' does not exist in type '{ content: string; title?: string | undefined; source?: string | undefined; metadata?: Record<string, unknown> | undefined; }'.
src/lib/embedding_pipeline.ts(467,28): error TS2339: Property 'documentIds' does not exist on type 'VectorDocument[]'.
src/lib/embedding_pipeline.ts(711,25): error TS2774: This condition will always return true since this function is always defined. Did you mean to call it instead?
src/lib/joy_assistant_actions.ts(247,66): error TS2339: Property 'directory' does not exist on type 'ListDirectoryAction'.
src/lib/joy_assistant_service.ts(385,7): error TS2353: Object literal may only specify known properties, and 'maxSteps' does not exist in type 'CallSettings & (Prompt & { model: LanguageModel; tools?: Record<string, Tool<never, never>> | undefined; toolChoice?: ToolChoice<...> | undefined; ... 17 more ...; _internal?: { ...; } | undefined; })'.
src/lib/joy_assistant_service.ts(767,5): error TS2769: No overload matches this call.
  The last overload gave the following error.
    Type '({ route, label }: { route: any; label: any; }) => Promise<{ type: string; route: any; label: any; executed: boolean; }>' is not assignable to type 'undefined'.
src/lib/joy_assistant_service.ts(767,23): error TS7031: Binding element 'route' implicitly has an 'any' type.
src/lib/joy_assistant_service.ts(767,30): error TS7031: Binding element 'label' implicitly has an 'any' type.
src/lib/joy_assistant_service.ts(778,5): error TS2769: No overload matches this call.
  The last overload gave the following error.
    Type '({ query, category }: { query: any; category: any; }) => Promise<{ type: string; target: any; query: any; executed: boolean; }>' is not assignable to type 'undefined'.
src/lib/joy_assistant_service.ts(778,23): error TS7031: Binding element 'query' implicitly has an 'any' type.
src/lib/joy_assistant_service.ts(778,30): error TS7031: Binding element 'category' implicitly has an 'any' type.
src/lib/joy_assistant_service.ts(789,5): error TS2769: No overload matches this call.
  The last overload gave the following error.
    Type '({ documentType, name }: { documentType: any; name: any; }) => Promise<{ type: string; documentType: any; name: any; executed: boolean; }>' is not assignable to type 'undefined'.
src/lib/joy_assistant_service.ts(789,23): error TS7031: Binding element 'documentType' implicitly has an 'any' type.
src/lib/joy_assistant_service.ts(789,37): error TS7031: Binding element 'name' implicitly has an 'any' type.
src/lib/joy_assistant_service.ts(805,7): error TS2769: No overload matches this call.
  The last overload gave the following error.
    Type '({ command, cwd }: { command: any; cwd: any; }) => Promise<{ error: string | undefined; executed: boolean; } | { executed: boolean; stdout: string; stderr: string; exitCode: number; error?: undefined; }>' is not assignable to type 'undefined'.
src/lib/joy_assistant_service.ts(805,25): error TS7031: Binding element 'command' implicitly has an 'any' type.
src/lib/joy_assistant_service.ts(805,34): error TS7031: Binding element 'cwd' implicitly has an 'any' type.
src/lib/joy_assistant_service.ts(820,7): error TS2769: No overload matches this call.
  The last overload gave the following error.
    Type '({ filePath }: { filePath: any; }) => Promise<{ content: string; executed: boolean; }>' is not assignable to type 'undefined'.
src/lib/joy_assistant_service.ts(820,25): error TS7031: Binding element 'filePath' implicitly has an 'any' type.
src/lib/joy_assistant_service.ts(832,7): error TS2769: No overload matches this call.
  The last overload gave the following error.
    Type '({ filePath, content }: { filePath: any; content: any; }) => Promise<{ filePath: any; size: any; executed: boolean; }>' is not assignable to type 'undefined'.
src/lib/joy_assistant_service.ts(832,25): error TS7031: Binding element 'filePath' implicitly has an 'any' type.
src/lib/joy_assistant_service.ts(832,35): error TS7031: Binding element 'content' implicitly has an 'any' type.
src/lib/joy_assistant_service.ts(843,7): error TS2769: No overload matches this call.
  The last overload gave the following error.
    Type '({ dirPath }: { dirPath: any; }) => Promise<{ entries: { name: string; type: "file" | "directory"; size: number; }[]; executed: boolean; }>' is not assignable to type 'undefined'.
src/lib/joy_assistant_service.ts(843,25): error TS7031: Binding element 'dirPath' implicitly has an 'any' type.
src/lib/joy_assistant_service.ts(855,7): error TS2769: No overload matches this call.
  The last overload gave the following error.
    Type '({ appName, args }: { appName: any; args: any; }) => Promise<{ opened: any; executed: boolean; }>' is not assignable to type 'undefined'.
src/lib/joy_assistant_service.ts(855,25): error TS7031: Binding element 'appName' implicitly has an 'any' type.
src/lib/joy_assistant_service.ts(855,34): error TS7031: Binding element 'args' implicitly has an 'any' type.
src/lib/joy_assistant_service.ts(866,7): error TS2769: No overload matches this call.
  The last overload gave the following error.
    Type '({ url }: { url: any; }) => Promise<{ opened: any; executed: boolean; }>' is not assignable to type 'undefined'.
src/lib/joy_assistant_service.ts(866,25): error TS7031: Binding element 'url' implicitly has an 'any' type.
src/lib/joy_assistant_service.ts(878,7): error TS2769: No overload matches this call.
  The last overload gave the following error.
    Type '({ infoType }: { infoType: any; }) => Promise<{ info: string; executed: boolean; }>' is not assignable to type 'undefined'.
src/lib/joy_assistant_service.ts(878,25): error TS7031: Binding element 'infoType' implicitly has an 'any' type.
src/lib/joy_assistant_service.ts(951,9): error TS2322: Type 'string' is not assignable to type '"agents" | "marketplace" | "workflows" | "library" | "knowledge-base"'.
src/lib/joycreate_api_server.ts(192,6): error TS2769: No overload matches this call.
  Overload 1 of 2, '(value: { name: string | SQL<unknown> | Placeholder<string, any>; id?: number | SQL<unknown> | Placeholder<string, any> | undefined; type?: SQL<unknown> | AgentType | Placeholder<...> | undefined; ... 15 more ...; publishCurrency?: string | ... 3 more ... | undefined; }): SQLiteInsertBase<...>', gave the following error.
    Type 'string' is not assignable to type 'SQL<unknown> | AgentType | Placeholder<string, any> | undefined'.
  Overload 2 of 2, '(values: { name: string | SQL<unknown> | Placeholder<string, any>; id?: number | SQL<unknown> | Placeholder<string, any> | undefined; type?: SQL<unknown> | AgentType | Placeholder<...> | undefined; ... 15 more ...; publishCurrency?: string | ... 3 more ... | undefined; }[]): SQLiteInsertBase<...>', gave the following error.
    Object literal may only specify known properties, and 'name' does not exist in type '{ name: string | SQL<unknown> | Placeholder<string, any>; id?: number | SQL<unknown> | Placeholder<string, any> | undefined; type?: SQL<unknown> | AgentType | Placeholder<...> | undefined; ... 15 more ...; publishCurrency?: string | ... 3 more ... | undefined; }[]'.
src/lib/joycreate_api_server.ts(895,26): error TS2698: Spread types may only be created from object types.
src/lib/local_vault_service.ts(345,6): error TS2769: No overload matches this call.
  Overload 1 of 2, '(value: { id: string | SQL<unknown> | Placeholder<string, any>; type: "file_import" | "folder_watch" | "google_takeout" | "apple_export" | "slack_export" | "discord_export" | ... 7 more ... | Placeholder<...>; ... 19 more ...; updatedAt?: Date | ... 2 more ... | undefined; }): SQLiteInsertBase<...>', gave the following error.
    Type 'ConnectorType' is not assignable to type '"file_import" | "folder_watch" | "google_takeout" | "apple_export" | "slack_export" | "discord_export" | "browser_extension" | "bookmarks_import" | "history_import" | "manual_capture" | "clipboard" | "api_endpoint" | SQL<...> | Placeholder<...>'.
      Type '"web_scraper"' is not assignable to type '"file_import" | "folder_watch" | "google_takeout" | "apple_export" | "slack_export" | "discord_export" | "browser_extension" | "bookmarks_import" | "history_import" | "manual_capture" | "clipboard" | "api_endpoint" | SQL<...> | Placeholder<...>'.
  Overload 2 of 2, '(values: { id: string | SQL<unknown> | Placeholder<string, any>; type: "file_import" | "folder_watch" | "google_takeout" | "apple_export" | "slack_export" | "discord_export" | ... 7 more ... | Placeholder<...>; ... 19 more ...; updatedAt?: Date | ... 2 more ... | undefined; }[]): SQLiteInsertBase<...>', gave the following error.
    Object literal may only specify known properties, and 'id' does not exist in type '{ id: string | SQL<unknown> | Placeholder<string, any>; type: "file_import" | "folder_watch" | "google_takeout" | "apple_export" | "slack_export" | "discord_export" | ... 7 more ... | Placeholder<...>; ... 19 more ...; updatedAt?: Date | ... 2 more ... | undefined; }[]'.
src/lib/meta_workflow_builder.ts(160,30): error TS18048: 'template.nodes' is possibly 'undefined'.
src/lib/meta_workflow_builder.ts(199,26): error TS18048: 'template.nodes' is possibly 'undefined'.
src/lib/meta_workflow_builder.ts(211,52): error TS2769: No overload matches this call.
  Overload 1 of 2, '(o: { [s: string]: { [outputType: string]: { node: string; type: string; index: number; }[][]; }; } | ArrayLike<{ [outputType: string]: { node: string; type: string; index: number; }[][]; }>): [...][]', gave the following error.
    Argument of type 'N8nConnections | undefined' is not assignable to parameter of type '{ [s: string]: { [outputType: string]: { node: string; type: string; index: number; }[][]; }; } | ArrayLike<{ [outputType: string]: { node: string; type: string; index: number; }[][]; }>'.
      Type 'undefined' is not assignable to type '{ [s: string]: { [outputType: string]: { node: string; type: string; index: number; }[][]; }; } | ArrayLike<{ [outputType: string]: { node: string; type: string; index: number; }[][]; }>'.
  Overload 2 of 2, '(o: {}): [string, any][]', gave the following error.
    Argument of type 'N8nConnections | undefined' is not assignable to parameter of type '{}'.
      Type 'undefined' is not assignable to type '{}'.
src/lib/meta_workflow_builder.ts(557,5): error TS2322: Type 'string' is not assignable to type 'AgentMessageType'.
src/mcp_server/tools/app_builder_tools.ts(27,29): error TS2339: Property 'description' does not exist on type 'SQLiteTableWithColumns<{ name: "apps"; schema: undefined; columns: { id: SQLiteColumn<{ name: "id"; tableName: "apps"; dataType: "number"; columnType: "SQLiteInteger"; data: number; driverParam: number; notNull: true; hasDefault: true; ... 6 more ...; generated: undefined; }, {}, {}>; ... 21 more ...; isFavorite: SQ...'.
src/pages/AgentSwarmPage.tsx(467,45): error TS2367: This comparison appears to be unintentional because the types '"paused" | "terminated" | "initializing" | "scaling" | "terminating"' and '"running"' have no overlap.
src/pages/AgentSwarmPage.tsx(480,46): error TS2367: This comparison appears to be unintentional because the types '"paused" | "terminated" | "initializing" | "scaling" | "terminating"' and '"running"' have no overlap.
src/pages/AgentSwarmPage.tsx(1315,9): error TS2739: Type '{ type: TaskType; description: string; priority: number; }' is missing the following properties from type 'Omit<TaskAssignment, "id" | "status" | "createdAt">': input, assignedBy
src/pages/dataset-studio/StatCard.tsx(13,6): error TS2322: Type '{ children: (false | "" | 0 | 0n | Element | null | undefined)[]; className: string; initial: { opacity: number; y: number; }; animate: { opacity: number; y: number; }; transition: { duration: number; ease: number[]; }; }' is not assignable to type 'Omit<HTMLMotionProps<"div">, "ref">'.
  Types of property 'transition' are incompatible.
    Type '{ duration: number; ease: number[]; }' is not assignable to type 'Transition<any> | undefined'.
      Type '{ duration: number; ease: number[]; }' is not assignable to type 'TransitionWithValueOverrides<any>'.
        Type '{ duration: number; ease: number[]; }' is not assignable to type 'ValueAnimationTransition<any>'.
          Types of property 'ease' are incompatible.
            Type 'number[]' is not assignable to type 'Easing | Easing[] | undefined'.
              Type 'number[]' is not assignable to type 'EasingFunction | Easing[]'.
                Type 'number[]' is not assignable to type 'Easing[]'.
                  Type 'number' is not assignable to type 'Easing'.
src/pages/GovernancePage.tsx(245,14): error TS2551: Property 'recentProposals' does not exist on type 'GovernanceStats'. Did you mean 'rejectedProposals'?
src/pages/GovernancePage.tsx(245,39): error TS2551: Property 'recentProposals' does not exist on type 'GovernanceStats'. Did you mean 'rejectedProposals'?
src/pages/GovernancePage.tsx(249,21): error TS2551: Property 'recentProposals' does not exist on type 'GovernanceStats'. Did you mean 'rejectedProposals'?
src/pages/nft-marketplace.test.tsx(45,1): error TS2593: Cannot find name 'describe'. Do you need to install type definitions for a test runner? Try `npm i --save-dev @types/jest` or `npm i --save-dev @types/mocha` and then add 'jest' or 'mocha' to the types field in your tsconfig.
src/pages/nft-marketplace.test.tsx(46,3): error TS2593: Cannot find name 'it'. Do you need to install type definitions for a test runner? Try `npm i --save-dev @types/jest` or `npm i --save-dev @types/mocha` and then add 'jest' or 'mocha' to the types field in your tsconfig.
src/pages/nft-marketplace.test.tsx(60,5): error TS2304: Cannot find name 'expect'.
src/pages/nft-marketplace.test.tsx(61,5): error TS2304: Cannot find name 'expect'.
src/pages/skills.tsx(468,15): error TS2339: Property 'preventDefault' does not exist on type 'boolean'.
src/pages/SystemServicesPage.tsx(542,39): error TS2554: Expected 1-2 arguments, but got 0.
src/pro/main/ipc/handlers/local_agent/local_agent_handler.ts(923,11): error TS2322: Type 'FlexibleSchema<unknown>' is not assignable to type 'FlexibleSchema<never> | FlexibleSchema<any>'.
  Type 'Schema<unknown>' is not assignable to type 'FlexibleSchema<never> | FlexibleSchema<any>'.
    Type 'Schema<unknown>' is not assignable to type 'Schema<any>'.
      Property '[validatorSymbol]' is missing in type 'Schema<unknown>' but required in type 'Validator<any>'.
src/routes/cns.ts(7,15): error TS2322: Type 'Promise<LazyRoute<Route<unknown, RootRoute<Register, undefined, {}, AnyContext, AnyContext, {}, undefined, unknown, unknown, unknown, unknown, undefined>, "/cns", "/cns", ... 13 more ..., undefined>> | { ...; }>' is not assignable to type 'Promise<LazyRoute<Route<unknown, RootRoute<Register, undefined, {}, AnyContext, AnyContext, {}, undefined, unknown, unknown, unknown, unknown, undefined>, "/cns", "/cns", ... 13 more ..., undefined>>>'.
  Type 'LazyRoute<Route<unknown, RootRoute<Register, undefined, {}, AnyContext, AnyContext, {}, undefined, unknown, unknown, unknown, unknown, undefined>, "/cns", "/cns", ... 13 more ..., undefined>> | { ...; }' is not assignable to type 'LazyRoute<Route<unknown, RootRoute<Register, undefined, {}, AnyContext, AnyContext, {}, undefined, unknown, unknown, unknown, unknown, undefined>, "/cns", "/cns", string, ... 12 more ..., undefined>>'.
    Type '{ component: () => Element; }' is missing the following properties from type 'LazyRoute<Route<unknown, RootRoute<Register, undefined, {}, AnyContext, AnyContext, {}, undefined, unknown, unknown, unknown, unknown, undefined>, "/cns", "/cns", string, ... 12 more ..., undefined>>': options, useMatch, useRouteContext, useSearch, and 4 more.
src/services/walletSignatureService.ts(1,10): error TS1205: Re-exporting a type when 'isolatedModules' is enabled requires using 'export type'.
src/types/agent_swarm_enhanced_types.ts(176,12): error TS2304: Cannot find name 'AgentLineage'.
